 **** Initial global variables ****
          Iteration Tolerance:  1.000E-08
       Maximum iteration step:          1
 
             Iteration Scheme:  CIS
 
            # of polar angles:    20
        # of azimuthal angles:    40
 
         Degree of polynomial:     3
 Degree of freedom in element:    10
    Degree of freedom on face:     4
 Quadrature points in element:    12
    Quadrature points on face:    15
 
     Volumetric specific heat:      1.000
  Magnitude of group velocity:      1.000
  tau of resistive scattering:      0.001
     tau of normal scattering: 100000.000
              conbinating tau:      0.001
 
        File for spatial mesh: ./A1_Nx11_Ny11.msh  
 
     # of boundary conditions:     4
 
 **** Initial BC parameters ****
   BC_ID                NAME PHY_ID   TYPE       TEMP       XOFF       YOFF
       1               SWall     11      1  0.000E+00  0.000E+00  0.000E+00
       2               NWall     12      1  1.000E+00  0.000E+00  0.000E+00
       3               EWall     13      1  0.000E+00  0.000E+00  0.000E+00
       4               WWall     14      1  0.000E+00  0.000E+00  0.000E+00
 
 The BC index of periodic master and slave are:     0    0
 
 **** Initial Spatial Mesh ****
     Total 1D faces:     320
 
     Boundary faces:      40
     Interior faces:     280
 
 Total 2D triangles:     200
 
 minimun Height:   6.05E-03
  0.129089413973416       6.052834046956619E-003
 **** Initial Velocity Mesh ****
 
 Sorting completed
 **** Initial Basis Function ****
 **** Initial Velocity Distribution Function ****
 **** Init End ****
           1   1.00000000000000       2.505020515435142E-004
 Output Conduction
 **** RUN END, Time =      0.073 [s] ****
